../Src/main.c:81:5:main	8	static
../Src/main.c:135:6:SystemClock_Config	88	static
../Src/main.c:182:13:MX_SPI5_Init	8	static
../Src/main.c:220:13:MX_TIM2_Init	32	static
../Src/main.c:265:13:MX_GPIO_Init	64	static
../Src/main.c:518:6:HAL_TIM_PeriodElapsedCallback	16	static
../Src/main.c:525:19:L3GD20_Reg_Write	24	static
../Src/main.c:541:19:L3GD20_Reg_Read	32	static
../Src/main.c:559:19:L3GD20_Reg_ReadMultiBytes	104	dynamic
../Src/main.c:587:6:L3GD20_Init	16	static
../Src/main.c:602:6:readX	16	static
../Src/main.c:607:6:readY	16	static
../Src/main.c:612:6:readZ	16	static
../Src/main.c:623:6:Error_Handler	4	static,ignoring_inline_asm
